C51 COMPILER V9.51   DEMO                                                                  09/16/2020 20:43:04 PAGE 1   


C51 COMPILER V9.51, COMPILATION OF MODULE DEMO
OBJECT MODULE PLACED IN demo.OBJ
COMPILER INVOKED BY: F:\Keil\C51\BIN\C51.EXE demo.c BROWSE DEBUG OBJECTEXTEND

line level    source

   1          #include "STC15F2K60S2.H" //头文件
   2          #include "intrins.H"      //头文件
   3          #include "ctype.h"
   4          //宏定义
   5          #define uchar unsigned char
   6          #define uint unsigned int
   7          #define ulint unsigned long int
   8          
   9          //DS1302寄存器的定义
  10          #define DS1302_second_write 0X80
  11          #define DS1302_minutes_write 0X82
  12          #define DS1302_hour_write 0X84
  13          #define DS1302_date_write 0X86
  14          #define DS1302_week_write 0X8A
  15          #define DS1302_month_write 0X88
  16          #define DS1302_year_write 0X8C
  17          
  18          #define DS1302_second_read 0X81
  19          #define DS1302_minutes_read 0X83
  20          #define DS1302_hour_read 0X85
  21          #define DS1302_date_read 0X87
  22          #define DS1302_week_read 0X8B
  23          #define DS1302_month_read 0X89
  24          #define DS1302_year_read 0X8D
  25          
  26          //位定义
  27          sbit SEL0 = P2 ^ 0;
  28          sbit SEL1 = P2 ^ 1;
  29          sbit SEL2 = P2 ^ 2;
  30          sbit RTC_sclk = P1 ^ 5; //时钟控制引脚，控制数据的输入输出
  31          sbit RTC_rst = P1 ^ 6;  //CE引脚，读写时必须置高电平
  32          sbit RTC_io = P5 ^ 4;   //数据引脚
  33          sbit sbtKey1 = P3 ^ 2;  // 按键K1
  34          sbit sbtKey2 = P3 ^ 3;  // 按键K2
  35          sbit sbtVib = P2 ^ 4;   //振动传感器
  36          //显示的位定义
  37          sbit led_sel = P2 ^ 3;
  38          uchar wei[] = {0x00, 0x01, 0x02, 0x03, 0x04, 0x05, 0x06, 0x07};                                                                                                  //数码管位选
  39          uchar duan[] = {0x3f, 0x06, 0x5b, 0x4f, 0x66, 0x6d, 0x7d, 0x07, 0x7f, 0x6f, 0x77, 0x7c, 0x39, 0x5e, 0x79, 
             -0x71}; //显示0-f
  40          
  41          uint show_flag = 1; // 是否显示数码管
  42          uint light_dig = 1;
  43          uint sbtKey1_state = 1;                                                                           // K1消抖
  44          uint sbtKey2_state = 1;                                                                           // K2消抖
  45          uint Led_Value = 8;                                                                                       // 数码管显示位数 8 ~ 92 4位一档 共9档
  46          uint Light_Level[] = {20, 40, 60, 80, 100, 120, 160, 180, 200, 220, 240, 260, 280, 300}; // 不同光照强度阙
             -值
  47          // 光照测试部分变量
  48          uint l = 0;             //执行光的次数
  49          uint time_ = 0; //延时
  50          uint time__ = 0;
  51          ulint suml = 0; //光AD值得总和
  52          uint light = 0; //光
  53          uint light_choice = 0;
C51 COMPILER V9.51   DEMO                                                                  09/16/2020 20:43:04 PAGE 2   

  54          uint light_bai = 0;
  55          uint light_shi = 0;
  56          uint light_ge = 0;
  57          // 双击亮屏
  58          uint tiptap = 0;
  59          uint Vib_flap = 0;
  60          uint ret = 0;
  61          //定义时间结构体
  62          typedef struct _systemtime_
  63          {
  64                  uchar second;
  65                  uchar minute;
  66                  uchar hour;
  67                  uchar day;
  68                  uchar week;
  69                  uchar month;
  70                  uchar year;
  71          } systemtime;
  72          
  73          systemtime t;
  74          uchar i;
  75          uchar temp;
  76          int sec = 0;
  77          char flag_100mS = 0;
  78          
  79          //DS1302写一个字节的数据
  80          void DS1302WriteByte(uchar dat)
  81          {
  82   1              uchar i;
  83   1              RTC_sclk = 0; //初始时钟线置0
  84   1              _nop_();
  85   1              _nop_();
  86   1              for (i = 0; i < 8; i++) //开始传输8位数据
  87   1              {
  88   2                      RTC_io = dat & 0x01; //取最低位
  89   2                      _nop_();
  90   2                      _nop_();
  91   2                      RTC_sclk = 1; //时钟线拉高，制造上升沿，数据被传输
  92   2                      _nop_();
  93   2                      _nop_();
  94   2                      RTC_sclk = 0; //时钟线拉低，为下一个上升沿做准备
  95   2                      dat >>= 1;        //数据右移一位，准备传输下一位数据
  96   2              }
  97   1      }
  98          
  99          ////DS1302读一个字节的数据
 100          uchar DS1302ReadByte()
 101          {
 102   1              uchar i, dat;
 103   1              _nop_();
 104   1              _nop_();
 105   1              for (i = 0; i < 8; i++)
 106   1              {
 107   2                      dat >>= 1;               //要返回的数据右移一位
 108   2                      if (RTC_io == 1) //当数据线为高时，证明该位数据为1
 109   2                              dat |= 0x80;
 110   2                      RTC_sclk = 1;
 111   2                      _nop_();
 112   2                      _nop_();
 113   2                      RTC_sclk = 0; //制造下降沿
 114   2                      _nop_();
 115   2                      _nop_();
C51 COMPILER V9.51   DEMO                                                                  09/16/2020 20:43:04 PAGE 3   

 116   2              }
 117   1              return dat; //返回读取出的数据
 118   1      }
 119          
 120          //读相应地址中写一个字节的数据
 121          uchar DS1302Read(uchar cmd)
 122          {
 123   1              uchar dat;
 124   1              RTC_rst = 0;                    //初始CE置0
 125   1              RTC_sclk = 0;                   //初始时钟置0
 126   1              RTC_rst = 1;                    //初始CE置1，传输开始
 127   1              DS1302WriteByte(cmd);   //传输命令字，
 128   1              dat = DS1302ReadByte(); //读取得到的时间
 129   1              RTC_sclk = 1;                   //时钟线拉高
 130   1              RTC_rst = 0;                    //读取结束，CE置0，结束数据传输
 131   1              return dat;                             //返回得到的时间日期
 132   1      }
 133          
 134          //在相应地址中写数据
 135          void DS1302Write(uchar cmd, uchar dat)
 136          {
 137   1              RTC_rst = 0;              //初始CE置0
 138   1              RTC_sclk = 0;             //初始时钟置0
 139   1              RTC_rst = 1;              //置1，传输开始
 140   1              DS1302WriteByte(cmd); //传输命令字，要写入的时间的地址
 141   1              DS1302WriteByte(dat); //写入修改的时间
 142   1              RTC_sclk = 1;             //时钟线拉高
 143   1              RTC_rst = 0;              //读取结束，CE=0，结束数据的传输
 144   1      }
 145          //DS1302的时间值获取程序
 146          systemtime GetDA1302()
 147          {
 148   1              systemtime time;
 149   1              uchar realvalue;
 150   1              realvalue = DS1302Read(DS1302_second_read);
 151   1              time.second = ((realvalue & 0x70) >> 4) * 10 + (realvalue & 0x0f);
 152   1              realvalue = DS1302Read(DS1302_minutes_read);
 153   1              time.minute = ((realvalue & 0x70) >> 4) * 10 + (realvalue & 0x0f);
 154   1              realvalue = DS1302Read(DS1302_hour_read);
 155   1              time.hour = ((realvalue & 0x70) >> 4) * 10 + (realvalue & 0x0f);
 156   1              realvalue = DS1302Read(DS1302_date_read);
 157   1              time.day = ((realvalue & 0x70) >> 4) * 10 + (realvalue & 0x0f);
 158   1              realvalue = DS1302Read(DS1302_week_read);
 159   1              time.week = ((realvalue & 0x70) >> 4) * 10 + (realvalue & 0x0f);
 160   1              realvalue = DS1302Read(DS1302_month_read);
 161   1              time.month = ((realvalue & 0x70) >> 4) * 10 + (realvalue & 0x0f);
 162   1              realvalue = DS1302Read(DS1302_year_read);
 163   1              time.year = ((realvalue & 0x70) >> 4) * 10 + (realvalue & 0x0f);
 164   1              return time;
 165   1      }
 166          //DS1302初始化程序
 167          void Init_DS1302()
 168          {
 169   1              unsigned char hour, min, sec;
 170   1              unsigned char code DataStr[] = __TIME__; //格式："09:12:04"       9字符（含结束符）
 171   1      
 172   1              hour = ((toint(DataStr[0])) << 4) + toint(DataStr[1]);
 173   1              min = ((toint(DataStr[3])) << 4) + toint(DataStr[4]);
 174   1              sec = ((toint(DataStr[6])) << 4) + toint(DataStr[7]);
 175   1      
 176   1              DS1302Write(0X8E, 0X00); //写保护关
 177   1              DS1302Write(DS1302_second_write, sec);
C51 COMPILER V9.51   DEMO                                                                  09/16/2020 20:43:04 PAGE 4   

 178   1              DS1302Write(DS1302_minutes_write, min);
 179   1              DS1302Write(DS1302_hour_write, hour);
 180   1              temp = DS1302Read(DS1302_second_read) & 0x7f;
 181   1              DS1302Write(DS1302_second_write, temp);
 182   1              DS1302Write(0X8E, 0X80); //写保护置1
 183   1      }
 184          
 185          void set_charge_DS1302()
 186          {
 187   1              DS1302Write(0X8E, 0X00); //写保护关
 188   1              DS1302Write(0x90, 0xa9); //  充电设置：允许充电，2个二极管，2K电
 189   1              DS1302Write(0X8E, 0X80); //写保护置1
 190   1      }
 191          void Delay100us()               //@11.0592MHz
 192          {
 193   1              unsigned char i, j;
 194   1      
 195   1              _nop_();
 196   1              _nop_();
 197   1              i = 2;
 198   1              j = 15;
 199   1              do
 200   1              {
 201   2                      while (--j);
 202   2              } while (--i);
 203   1      }
 204          void Delay10ms() //@11.0592MHz
 205          {
 206   1              unsigned char i, j;
 207   1      
 208   1              i = 108;
 209   1              j = 145;
 210   1              do
 211   1              {
 212   2                      while (--j)
 213   2                              ;
 214   2              } while (--i);
 215   1      }
 216          
 217          //系统初始化程序
 218          void init()
 219          {
 220   1              P3 = 0xEF; //关蜂鸣器
 221   1              P2M0 = 0XFF;
 222   1              P2M1 = 0X00;
 223   1              P0M0 = 0XFF;
 224   1              P0M1 = 0X00;
 225   1      
 226   1              led_sel = 0; //选通数码管
 227   1              TMOD = 0X11; //定时器0，工作方式1
 228   1              EA = 1;          //打开总中断
 229   1              EADC = 1;
 230   1              TH0 = (65535 - 40000) / 256; //设置定时初值
 231   1              TL0 = (65535 - 40000) % 256;
 232   1              TR0 = 1; //启动定时器
 233   1      
 234   1              TH1 = 0xD4;
 235   1              TL1 = 0xCD;
 236   1              TR1 = 1;
 237   1              ET0 = 1; //开启定时器中断
 238   1              ET1 = 1;
 239   1      }
C51 COMPILER V9.51   DEMO                                                                  09/16/2020 20:43:04 PAGE 5   

 240          void InitADC_light() //初始化光ADC
 241          {
 242   1              ADC_RES = 0;
 243   1              ADC_RESL = 0;
 244   1              ADC_CONTR = 0x8c; //CHS=100选择P1^4作为A/D输入使用
 245   1              CLK_DIV = 0x20;
 246   1      }
 247          void date_processlight()
 248          {
 249   1              light_bai = light % 1000 / 100;
 250   1              light_shi = light % 100 / 10;
 251   1              light_ge = light % 10;
 252   1      }
 253          void time0() interrupt 1
 254          {
 255   1              TH0 = (65535 - 40000) / 256; //设置定时初值
 256   1              TL0 = (65535 - 40000) % 256;
 257   1              EA = 0;
 258   1              InitADC_light(); //初始化光
 259   1              EA = 1;
 260   1      }
 261          void Light_Control() {
 262   1              int targ;
 263   1              if (light > 241) light = 241;
 264   1              targ = light / 10;
 265   1              targ /= 3;
 266   1              targ *= 8;
 267   1              if (Led_Value == 72 - targ) Led_Value = Led_Value;
 268   1              else if (Led_Value > 72 - targ) Led_Value -= 8;
 269   1              else Led_Value += 8;
 270   1      }
 271          void time1() interrupt 3
 272          {
 273   1              TH1 = 0xD4;
 274   1              TL1 = 0xCD;
 275   1              EA = 0;
 276   1              time__ += 1;
 277   1              if (time__ > 30) {
 278   2                      time__ = 0;
 279   2                      Light_Control();
 280   2              }
 281   1              EA = 1;
 282   1      }
 283          // AD中断
 284          void adc_isr() interrupt 5 using 1
 285          {
 286   1              time_++;
 287   1              EA = 0; //关闭中断
 288   1      
 289   1              if (time_ > 2000) //取多次值求平均值减小误差
 290   1              {
 291   2                      light = (suml + l / 2) / l; //四舍五入
 292   2                      suml = 0;
 293   2                      l = 0;
 294   2                      time_ = 0;
 295   2                      date_processlight();
 296   2              }
 297   1              //处理光部分的数据
 298   1              l++;
 299   1              suml += ADC_RES * 256 + ADC_RESL; //求l次AD值的和
 300   1      
 301   1              ADC_CONTR &= ~0X10; //转换完成后，ADC_FLAG清零
C51 COMPILER V9.51   DEMO                                                                  09/16/2020 20:43:04 PAGE 6   

 302   1              ADC_CONTR |= 0X08;      //转换完成后，ADC_START赋1
 303   1              EA = 1;                         //打开中断
 304   1      }
 305          void show_shumaguan()
 306          {
 307   1              i++;
 308   1              if (++sec == 100)
 309   1              {
 310   2                      sec = 0;
 311   2                      flag_100mS = 1;
 312   2              }
 313   1              if (i == Led_Value)
 314   1                      i = 0;
 315   1              led_sel = 0;
 316   1              P0 = 0X00;
 317   1              if (show_flag == 1 && i < 8 && light_dig == 1)
 318   1              {
 319   2                      P2 = wei[i];
 320   2                      switch (i)
 321   2                      {
 322   3                      case 0:
 323   3                              P0 = duan[t.hour / 10];
 324   3                              break;
 325   3                      case 1:
 326   3                              P0 = duan[t.hour % 10];
 327   3                              break;
 328   3                      case 3:
 329   3                              P0 = duan[t.minute / 10];
 330   3                              break;
 331   3                      case 4:
 332   3                              P0 = duan[t.minute % 10];
 333   3                              break;
 334   3                      case 6:
 335   3                              P0 = duan[t.second / 10];
 336   3                              break;
 337   3                      case 7:
 338   3                              P0 = duan[t.second % 10];
 339   3                              break;
 340   3                      default:
 341   3                              P0 = 0x40;
 342   3                              break;
 343   3                      }
 344   2              }
 345   1              else if (show_flag == 0 && tiptap == 1 && light_dig == 1 && i < 8)
 346   1              {
 347   2                      ret += 1;
 348   2                      if (ret == 2000)
 349   2                      {
 350   3                              ret = 0;
 351   3                              tiptap = 0;
 352   3                      }
 353   2                      P2 = wei[i];
 354   2                      switch (i)
 355   2                      {
 356   3                      case 0:
 357   3                              P0 = duan[t.hour / 10];
 358   3                              break;
 359   3                      case 1:
 360   3                              P0 = duan[t.hour % 10];
 361   3                              break;
 362   3                      case 3:
 363   3                              P0 = duan[t.minute / 10];
C51 COMPILER V9.51   DEMO                                                                  09/16/2020 20:43:04 PAGE 7   

 364   3                              break;
 365   3                      case 4:
 366   3                              P0 = duan[t.minute % 10];
 367   3                              break;
 368   3                      case 6:
 369   3                              P0 = duan[t.second / 10];
 370   3                              break;
 371   3                      case 7:
 372   3                              P0 = duan[t.second % 10];
 373   3                              break;
 374   3                      default:
 375   3                              P0 = 0x40;
 376   3                              break;
 377   3                      }
 378   2              }
 379   1              else if (light_dig == 0 && i < 3)
 380   1              {
 381   2                      show_flag = 1;
 382   2                      P2 = wei[i];
 383   2                      switch (i)
 384   2                      {
 385   3                      case 0:
 386   3                              P0 = duan[light_bai];
 387   3                              break;
 388   3                      case 1:
 389   3                              P0 = duan[light_shi];
 390   3                              break;
 391   3                      case 2:
 392   3                              P0 = duan[light_ge];
 393   3                              break;
 394   3                      }
 395   2              }
 396   1              Delay100us();
 397   1      }
 398          
 399          void main()
 400          {
 401   1              init();
 402   1              if (DS1302Read(DS1302_second_read) & 0X80)
 403   1                      Init_DS1302();
 404   1              set_charge_DS1302();
 405   1              while(light == 0);
 406   1              if (light > 241) light = 241;
 407   1              Led_Value = 72 - light / 10 / 3 * 8;
 408   1              while (1)
 409   1              {
 410   2                      show_shumaguan();
 411   2      
 412   2                      if (flag_100mS == 1)
 413   2                      {
 414   3                              t = GetDA1302();
 415   3                              flag_100mS = 0;
 416   3                      }
 417   2      
 418   2                      if (sbtKey1 == 0)
 419   2                      {
 420   3                              if (sbtKey1_state == 0)
 421   3                              {
 422   4                                      Delay10ms();
 423   4                                      if (sbtKey1 == 0)
 424   4                                      {
 425   5                                              show_flag = !show_flag;
C51 COMPILER V9.51   DEMO                                                                  09/16/2020 20:43:04 PAGE 8   

 426   5                                              sbtKey1_state = 1;
 427   5                                      }
 428   4                              }
 429   3                      }
 430   2                      else
 431   2                              sbtKey1_state = 0;
 432   2      
 433   2                      if (sbtKey2 == 0)
 434   2                      {
 435   3                              if (sbtKey2_state == 0)
 436   3                              {
 437   4                                      Delay10ms();
 438   4                                      if (sbtKey2 == 0)
 439   4                                      {
 440   5                                              light_dig = !light_dig;
 441   5                                              sbtKey2_state = 1;
 442   5                                      }
 443   4                              }
 444   3                      }
 445   2                      else
 446   2                              sbtKey2_state = 0;
 447   2      
 448   2                      if (show_flag == 0)
 449   2                      {
 450   3                              sbtVib = 1;
 451   3                              if (sbtVib == 0)
 452   3                              {
 453   4                                      tiptap = 1;
 454   4                              }
 455   3                      }
 456   2              }
 457   1      }


MODULE INFORMATION:   STATIC OVERLAYABLE
   CODE SIZE        =   1429    ----
   CONSTANT SIZE    =      9    ----
   XDATA SIZE       =   ----    ----
   PDATA SIZE       =   ----    ----
   DATA SIZE        =    100       9
   IDATA SIZE       =   ----    ----
   BIT SIZE         =   ----    ----
END OF MODULE INFORMATION.


C51 COMPILATION COMPLETE.  0 WARNING(S),  0 ERROR(S)
