C51 COMPILER V9.51   DEMO                                                                  09/15/2020 23:16:58 PAGE 1   


C51 COMPILER V9.51, COMPILATION OF MODULE DEMO
OBJECT MODULE PLACED IN demo.OBJ
COMPILER INVOKED BY: F:\Keil\C51\BIN\C51.EXE demo.c BROWSE DEBUG OBJECTEXTEND

line level    source

   1          #include "STC15F2K60S2.H" //头文件
   2          #include "intrins.H"      //头文件
   3          #include "ctype.h"
   4          //宏定义
   5          #define uchar unsigned char
   6          #define uint unsigned int
   7          #define ulint unsigned long int
   8          
   9          //DS1302寄存器的定义
  10          #define DS1302_second_write 0X80
  11          #define DS1302_minutes_write 0X82
  12          #define DS1302_hour_write 0X84
  13          #define DS1302_date_write 0X86
  14          #define DS1302_week_write 0X8A
  15          #define DS1302_month_write 0X88
  16          #define DS1302_year_write 0X8C
  17          
  18          #define DS1302_second_read 0X81
  19          #define DS1302_minutes_read 0X83
  20          #define DS1302_hour_read 0X85
  21          #define DS1302_date_read 0X87
  22          #define DS1302_week_read 0X8B
  23          #define DS1302_month_read 0X89
  24          #define DS1302_year_read 0X8D
  25          
  26          //位定义
  27          sbit SEL0 = P2 ^ 0;
  28          sbit SEL1 = P2 ^ 1;
  29          sbit SEL2 = P2 ^ 2;
  30          sbit RTC_sclk = P1 ^ 5; //时钟控制引脚，控制数据的输入输出
  31          sbit RTC_rst = P1 ^ 6;  //CE引脚，读写时必须置高电平
  32          sbit RTC_io = P5 ^ 4;   //数据引脚
  33          sbit sbtKey1 = P3 ^ 2;  // 按键K1
  34          sbit sbtKey2 = P3 ^ 3;  // 按键K2
  35          sbit sbtVib = P2 ^ 4;   //振动传感器
  36          //显示的位定义
  37          sbit led_sel = P2 ^ 3;
  38          uchar wei[] = {0x00, 0x01, 0x02, 0x03, 0x04, 0x05, 0x06, 0x07};                                                                                                  //数码管位选
  39          uchar duan[] = {0x3f, 0x06, 0x5b, 0x4f, 0x66, 0x6d, 0x7d, 0x07, 0x7f, 0x6f, 0x77, 0x7c, 0x39, 0x5e, 0x79, 
             -0x71}; //显示0-f
  40          
  41          uint show_flag = 1; // 是否显示数码管
  42          uint light_dig = 1;
  43          uint sbtKey1_state = 1;                                                                           // K1消抖
  44          uint sbtKey2_state = 1;                                                                           // K2消抖
  45          uint Led_Value = 8;                                                                                       // 数码管显示位数 8 ~ 44 4位一档 共9档
  46          uint Light_Level[] = {10, 20, 30, 40, 60, 80, 120, 160, 200}; // 不同光照强度阙值
  47          // 光照测试部分变量
  48          uint l = 0;             //执行光的次数
  49          uint time_ = 0; //延时
  50          ulint suml = 0; //光AD值得总和
  51          uint light = 0; //光
  52          uint light_choice = 0;
  53          uint light_bai = 0;
  54          uint light_shi = 0;
C51 COMPILER V9.51   DEMO                                                                  09/15/2020 23:16:58 PAGE 2   

  55          uint light_ge = 0;
  56          // 双击亮屏
  57          uchar i_;
  58          uint tiptap = 0;
  59          uint Vib_flap = 0;
  60          uint ret = 0;
  61          //定义时间结构体
  62          typedef struct _systemtime_
  63          {
  64                  uchar second;
  65                  uchar minute;
  66                  uchar hour;
  67                  uchar day;
  68                  uchar week;
  69                  uchar month;
  70                  uchar year;
  71          } systemtime;
  72          
  73          systemtime t;
  74          uchar i;
  75          uchar temp;
  76          int sec = 0;
  77          char flag_100mS = 0;
  78          
  79          //DS1302写一个字节的数据
  80          void DS1302WriteByte(uchar dat)
  81          {
  82   1              uchar i;
  83   1              RTC_sclk = 0; //初始时钟线置0
  84   1              _nop_();
  85   1              _nop_();
  86   1              for (i = 0; i < 8; i++) //开始传输8位数据
  87   1              {
  88   2                      RTC_io = dat & 0x01; //取最低位
  89   2                      _nop_();
  90   2                      _nop_();
  91   2                      RTC_sclk = 1; //时钟线拉高，制造上升沿，数据被传输
  92   2                      _nop_();
  93   2                      _nop_();
  94   2                      RTC_sclk = 0; //时钟线拉低，为下一个上升沿做准备
  95   2                      dat >>= 1;        //数据右移一位，准备传输下一位数据
  96   2              }
  97   1      }
  98          
  99          ////DS1302读一个字节的数据
 100          uchar DS1302ReadByte()
 101          {
 102   1              uchar i, dat;
 103   1              _nop_();
 104   1              _nop_();
 105   1              for (i = 0; i < 8; i++)
 106   1              {
 107   2                      dat >>= 1;               //要返回的数据右移一位
 108   2                      if (RTC_io == 1) //当数据线为高时，证明该位数据为1
 109   2                              dat |= 0x80;
 110   2                      RTC_sclk = 1;
 111   2                      _nop_();
 112   2                      _nop_();
 113   2                      RTC_sclk = 0; //制造下降沿
 114   2                      _nop_();
 115   2                      _nop_();
 116   2              }
C51 COMPILER V9.51   DEMO                                                                  09/15/2020 23:16:58 PAGE 3   

 117   1              return dat; //返回读取出的数据
 118   1      }
 119          
 120          //读相应地址中写一个字节的数据
 121          uchar DS1302Read(uchar cmd)
 122          {
 123   1              uchar dat;
 124   1              RTC_rst = 0;                    //初始CE置0
 125   1              RTC_sclk = 0;                   //初始时钟置0
 126   1              RTC_rst = 1;                    //初始CE置1，传输开始
 127   1              DS1302WriteByte(cmd);   //传输命令字，
 128   1              dat = DS1302ReadByte(); //读取得到的时间
 129   1              RTC_sclk = 1;                   //时钟线拉高
 130   1              RTC_rst = 0;                    //读取结束，CE置0，结束数据传输
 131   1              return dat;                             //返回得到的时间日期
 132   1      }
 133          
 134          //在相应地址中写数据
 135          void DS1302Write(uchar cmd, uchar dat)
 136          {
 137   1              RTC_rst = 0;              //初始CE置0
 138   1              RTC_sclk = 0;             //初始时钟置0
 139   1              RTC_rst = 1;              //置1，传输开始
 140   1              DS1302WriteByte(cmd); //传输命令字，要写入的时间的地址
 141   1              DS1302WriteByte(dat); //写入修改的时间
 142   1              RTC_sclk = 1;             //时钟线拉高
 143   1              RTC_rst = 0;              //读取结束，CE=0，结束数据的传输
 144   1      }
 145          //DS1302的时间值获取程序
 146          systemtime GetDA1302()
 147          {
 148   1              systemtime time;
 149   1              uchar realvalue;
 150   1              realvalue = DS1302Read(DS1302_second_read);
 151   1              time.second = ((realvalue & 0x70) >> 4) * 10 + (realvalue & 0x0f);
 152   1              realvalue = DS1302Read(DS1302_minutes_read);
 153   1              time.minute = ((realvalue & 0x70) >> 4) * 10 + (realvalue & 0x0f);
 154   1              realvalue = DS1302Read(DS1302_hour_read);
 155   1              time.hour = ((realvalue & 0x70) >> 4) * 10 + (realvalue & 0x0f);
 156   1              realvalue = DS1302Read(DS1302_date_read);
 157   1              time.day = ((realvalue & 0x70) >> 4) * 10 + (realvalue & 0x0f);
 158   1              realvalue = DS1302Read(DS1302_week_read);
 159   1              time.week = ((realvalue & 0x70) >> 4) * 10 + (realvalue & 0x0f);
 160   1              realvalue = DS1302Read(DS1302_month_read);
 161   1              time.month = ((realvalue & 0x70) >> 4) * 10 + (realvalue & 0x0f);
 162   1              realvalue = DS1302Read(DS1302_year_read);
 163   1              time.year = ((realvalue & 0x70) >> 4) * 10 + (realvalue & 0x0f);
 164   1              return time;
 165   1      }
 166          //DS1302初始化程序
 167          void Init_DS1302()
 168          {
 169   1              unsigned char hour, min, sec;
 170   1              unsigned char code DataStr[] = __TIME__; //格式："09:12:04"       9字符（含结束符）
 171   1      
 172   1              hour = ((toint(DataStr[0])) << 4) + toint(DataStr[1]);
 173   1              min = ((toint(DataStr[3])) << 4) + toint(DataStr[4]);
 174   1              sec = ((toint(DataStr[6])) << 4) + toint(DataStr[7]);
 175   1      
 176   1              DS1302Write(0X8E, 0X00); //写保护关
 177   1              DS1302Write(DS1302_second_write, sec);
 178   1              DS1302Write(DS1302_minutes_write, min);
C51 COMPILER V9.51   DEMO                                                                  09/15/2020 23:16:58 PAGE 4   

 179   1              DS1302Write(DS1302_hour_write, hour);
 180   1              temp = DS1302Read(DS1302_second_read) & 0x7f;
 181   1              DS1302Write(DS1302_second_write, temp);
 182   1              DS1302Write(0X8E, 0X80); //写保护置1
 183   1      }
 184          
 185          void set_charge_DS1302()
 186          {
 187   1              DS1302Write(0X8E, 0X00); //写保护关
 188   1              DS1302Write(0x90, 0xa9); //  充电设置：允许充电，2个二极管，2K电
 189   1              DS1302Write(0X8E, 0X80); //写保护置1
 190   1      }
 191          
 192          // void Delay(int n) //????
 193          // {
 194          //      int x;
 195          //      while (n--)
 196          //      {
 197          //              x = 60;
 198          //              while (x--)
 199          //                      ;
 200          //      }
 201          // }
 202          void Delay500us() //@11.0592MHz
 203          {
 204   1              unsigned char i, j;
 205   1      
 206   1              _nop_();
 207   1              _nop_();
 208   1              i = 6;
 209   1              j = 93;
 210   1              do
 211   1              {
 212   2                      while (--j)
 213   2                              ;
 214   2              } while (--i);
 215   1      }
 216          void Delay10ms() //@11.0592MHz
 217          {
 218   1              unsigned char i, j;
 219   1      
 220   1              i = 108;
 221   1              j = 145;
 222   1              do
 223   1              {
 224   2                      while (--j)
 225   2                              ;
 226   2              } while (--i);
 227   1      }
 228          
 229          //系统初始化程序
 230          void init()
 231          {
 232   1              P3 = 0xEF; //关蜂鸣器
 233   1              P2M0 = 0XFF;
 234   1              P2M1 = 0X00;
 235   1              P0M0 = 0XFF;
 236   1              P0M1 = 0X00;
 237   1      
 238   1              led_sel = 0;                             //选通数码管
 239   1              TMOD = 0X11;                             //定时器0，工作方式1
 240   1              EA = 1;                                          //打开总中断
C51 COMPILER V9.51   DEMO                                                                  09/15/2020 23:16:58 PAGE 5   

 241   1              EADC = 1;
 242   1              TH0 = (65535 - 40000) / 256; //设置定时初值
 243   1              TL0 = (65535 - 40000) % 256;
 244   1              TR0 = 1; //启动定时器
 245   1              ET0 = 1; //开启定时器中断
 246   1      }
 247          void InitADC_light() //初始化光ADC
 248          {
 249   1              ADC_RES = 0;
 250   1              ADC_RESL = 0;
 251   1              ADC_CONTR = 0x8c; //CHS=100选择P1^4作为A/D输入使用
 252   1              CLK_DIV = 0x20;
 253   1      }
 254          void date_processlight()
 255          {
 256   1              light_bai = light % 1000 / 100;
 257   1              light_shi = light % 100 / 10;
 258   1              light_ge = light % 10;
 259   1      }
 260          void time0() interrupt 1
 261          {
 262   1              TH0 = (65535 - 40000) / 256; //设置定时初值
 263   1              TL0 = (65535 - 40000) % 256;
 264   1              EA = 0;
 265   1              InitADC_light(); //初始化光
 266   1              EA = 1;
 267   1      }
 268          // AD中断
 269          void adc_isr() interrupt 5 using 1
 270          {
 271   1              time_++;
 272   1              EA = 0; //关闭中断
 273   1      
 274   1              if (time_ > 2000) //取多次值求平均值减小误差
 275   1              {
 276   2                      light = (suml + l / 2) / l; //四舍五入
 277   2                      suml = 0;
 278   2                      l = 0;
 279   2                      time_ = 0;
 280   2                      date_processlight();
 281   2              }
 282   1              //处理光部分的数据
 283   1              l++;
 284   1              suml += ADC_RES * 256 + ADC_RESL; //求l次AD值的和
 285   1      
 286   1              ADC_CONTR &= ~0X10; //转换完成后，ADC_FLAG清零
 287   1              ADC_CONTR |= 0X08;      //转换完成后，ADC_START赋1
 288   1              EA = 1;                         //打开中断
 289   1      }
 290          // void weixuan(char i) //数码管位的选择
 291          // {
 292          //      SEL2 = i / 4;
 293          //      SEL1 = i % 4 / 2;
 294          //      SEL0 = i % 2;
 295          // }
 296          void show_shumaguan()
 297          {
 298   1              if (light >= Light_Level[light_choice] && light < Light_Level[light_choice])
 299   1                      light_choice = light_choice;
 300   1              else if (light < Light_Level[light_choice])
 301   1                      light_choice -= 1;
 302   1              else light_choice += 1;
C51 COMPILER V9.51   DEMO                                                                  09/15/2020 23:16:58 PAGE 6   

 303   1              Led_Value = 44 - 4 * light_choice;
 304   1              i++;
 305   1              if (++sec == 100)
 306   1              {
 307   2                      sec = 0;
 308   2                      flag_100mS = 1;
 309   2              }
 310   1              if (i == Led_Value)
 311   1                      i = 0;
 312   1              led_sel = 0;
 313   1              P0 = 0X00;
 314   1              if (show_flag == 1 && i < 8 && light_dig == 1)
 315   1              {
 316   2                      P2 = wei[i];
 317   2                      switch (i)
 318   2                      {
 319   3                      case 0:
 320   3                              P0 = duan[t.hour / 10];
 321   3                              break;
 322   3                      case 1:
 323   3                              P0 = duan[t.hour % 10];
 324   3                              break;
 325   3                      case 3:
 326   3                              P0 = duan[t.minute / 10];
 327   3                              break;
 328   3                      case 4:
 329   3                              P0 = duan[t.minute % 10];
 330   3                              break;
 331   3                      case 6:
 332   3                              P0 = duan[t.second / 10];
 333   3                              break;
 334   3                      case 7:
 335   3                              P0 = duan[t.second % 10];
 336   3                              break;
 337   3                      default:
 338   3                              P0 = 0x40;
 339   3                              break;
 340   3                      }
 341   2              }
 342   1              else if (show_flag == 0 && tiptap == 1 && light_dig == 1)
 343   1              {
 344   2                      ret += 1;
 345   2                      if (ret == 2000)
 346   2                      {
 347   3                              ret = 0;
 348   3                              tiptap = 0;
 349   3                      }
 350   2                      i_ = i % 8;
 351   2                      P2 = wei[i_];
 352   2                      switch (i_)
 353   2                      {
 354   3                      case 0:
 355   3                              P0 = duan[t.hour / 10];
 356   3                              break;
 357   3                      case 1:
 358   3                              P0 = duan[t.hour % 10];
 359   3                              break;
 360   3                      case 3:
 361   3                              P0 = duan[t.minute / 10];
 362   3                              break;
 363   3                      case 4:
 364   3                              P0 = duan[t.minute % 10];
C51 COMPILER V9.51   DEMO                                                                  09/15/2020 23:16:58 PAGE 7   

 365   3                              break;
 366   3                      case 6:
 367   3                              P0 = duan[t.second / 10];
 368   3                              break;
 369   3                      case 7:
 370   3                              P0 = duan[t.second % 10];
 371   3                              break;
 372   3                      default:
 373   3                              P0 = 0x40;
 374   3                              break;
 375   3                      }
 376   2              }
 377   1              else if (light_dig == 0 && i < 3)
 378   1              {
 379   2                      P2 = wei[i];
 380   2                      switch (i)
 381   2                      {
 382   3                              case 0:
 383   3                                      P0 = duan[light_bai];
 384   3                                      break;
 385   3                              case 1:
 386   3                                      P0 = duan[light_shi];
 387   3                                      break;
 388   3                              case 2:
 389   3                                      P0 = duan[light_ge];
 390   3                                      break;
 391   3                      }
 392   2              }
 393   1              Delay500us();
 394   1      }
 395          
 396          void main()
 397          {
 398   1              init();
 399   1              if (DS1302Read(DS1302_second_read) & 0X80)
 400   1                      Init_DS1302();
 401   1              set_charge_DS1302();
 402   1              while (1)
 403   1              {
 404   2                      show_shumaguan();
 405   2      
 406   2                      if (flag_100mS == 1)
 407   2                      {
 408   3                              t = GetDA1302();
 409   3                              flag_100mS = 0;
 410   3                      }
 411   2      
 412   2                      if (sbtKey1 == 0)
 413   2                      {
 414   3                              if (sbtKey1_state == 0)
 415   3                              {
 416   4                                      Delay10ms();
 417   4                                      if (sbtKey1 == 0)
 418   4                                      {
 419   5                                              show_flag = !show_flag;
 420   5                                              sbtKey1_state = 1;
 421   5                                      }
 422   4                              }
 423   3                      }
 424   2                      else
 425   2                              sbtKey1_state = 0;
 426   2      
C51 COMPILER V9.51   DEMO                                                                  09/15/2020 23:16:58 PAGE 8   

 427   2                      if (sbtKey2 == 0)
 428   2                      {
 429   3                              if (sbtKey2_state == 0)
 430   3                              {
 431   4                                      Delay10ms();
 432   4                                      if (sbtKey2 == 0)
 433   4                                      {
 434   5                                              light_dig = !light_dig;
 435   5                                              sbtKey2_state = 1;
 436   5                                      }
 437   4                              }
 438   3                      }
 439   2                      else
 440   2                              sbtKey2_state = 0;
 441   2      
 442   2                      if (show_flag == 0)
 443   2                      {
 444   3                              sbtVib = 1;
 445   3                              if (sbtVib == 0)
 446   3                              {
 447   4                                      tiptap = 1;
 448   4                              }
 449   3                      }
 450   2              }
 451   1      }


MODULE INFORMATION:   STATIC OVERLAYABLE
   CODE SIZE        =   1265    ----
   CONSTANT SIZE    =      9    ----
   XDATA SIZE       =   ----    ----
   PDATA SIZE       =   ----    ----
   DATA SIZE        =     89       9
   IDATA SIZE       =   ----    ----
   BIT SIZE         =   ----    ----
END OF MODULE INFORMATION.


C51 COMPILATION COMPLETE.  0 WARNING(S),  0 ERROR(S)
